Archive member included to satisfy reference by file (symbol)

c:/st/stm32cubeide_1.11.0/stm32cubeide/plugins/com.st.stm32cube.ide.mcu.externaltools.gnu-tools-for-stm32.10.3-2021.10.win32_1.0.100.202210260954/tools/bin/../lib/gcc/arm-none-eabi/10.3.1/../../../../arm-none-eabi/lib/thumb/v7e-m+fp/hard\libc_nano.a(lib_a-errno.o)
                              ./Src/syscalls.o (__errno)
c:/st/stm32cubeide_1.11.0/stm32cubeide/plugins/com.st.stm32cube.ide.mcu.externaltools.gnu-tools-for-stm32.10.3-2021.10.win32_1.0.100.202210260954/tools/bin/../lib/gcc/arm-none-eabi/10.3.1/../../../../arm-none-eabi/lib/thumb/v7e-m+fp/hard\libc_nano.a(lib_a-exit.o)
                              c:/st/stm32cubeide_1.11.0/stm32cubeide/plugins/com.st.stm32cube.ide.mcu.externaltools.gnu-tools-for-stm32.10.3-2021.10.win32_1.0.100.202210260954/tools/bin/../lib/gcc/arm-none-eabi/10.3.1/../../../../arm-none-eabi/lib/thumb/v7e-m+fp/hard/crt0.o (exit)
c:/st/stm32cubeide_1.11.0/stm32cubeide/plugins/com.st.stm32cube.ide.mcu.externaltools.gnu-tools-for-stm32.10.3-2021.10.win32_1.0.100.202210260954/tools/bin/../lib/gcc/arm-none-eabi/10.3.1/../../../../arm-none-eabi/lib/thumb/v7e-m+fp/hard\libc_nano.a(lib_a-impure.o)
                              c:/st/stm32cubeide_1.11.0/stm32cubeide/plugins/com.st.stm32cube.ide.mcu.externaltools.gnu-tools-for-stm32.10.3-2021.10.win32_1.0.100.202210260954/tools/bin/../lib/gcc/arm-none-eabi/10.3.1/../../../../arm-none-eabi/lib/thumb/v7e-m+fp/hard\libc_nano.a(lib_a-exit.o) (_global_impure_ptr)
c:/st/stm32cubeide_1.11.0/stm32cubeide/plugins/com.st.stm32cube.ide.mcu.externaltools.gnu-tools-for-stm32.10.3-2021.10.win32_1.0.100.202210260954/tools/bin/../lib/gcc/arm-none-eabi/10.3.1/../../../../arm-none-eabi/lib/thumb/v7e-m+fp/hard\libc_nano.a(lib_a-init.o)
                              c:/st/stm32cubeide_1.11.0/stm32cubeide/plugins/com.st.stm32cube.ide.mcu.externaltools.gnu-tools-for-stm32.10.3-2021.10.win32_1.0.100.202210260954/tools/bin/../lib/gcc/arm-none-eabi/10.3.1/../../../../arm-none-eabi/lib/thumb/v7e-m+fp/hard/crt0.o (__libc_init_array)
c:/st/stm32cubeide_1.11.0/stm32cubeide/plugins/com.st.stm32cube.ide.mcu.externaltools.gnu-tools-for-stm32.10.3-2021.10.win32_1.0.100.202210260954/tools/bin/../lib/gcc/arm-none-eabi/10.3.1/../../../../arm-none-eabi/lib/thumb/v7e-m+fp/hard\libc_nano.a(lib_a-memset.o)
                              c:/st/stm32cubeide_1.11.0/stm32cubeide/plugins/com.st.stm32cube.ide.mcu.externaltools.gnu-tools-for-stm32.10.3-2021.10.win32_1.0.100.202210260954/tools/bin/../lib/gcc/arm-none-eabi/10.3.1/../../../../arm-none-eabi/lib/thumb/v7e-m+fp/hard/crt0.o (memset)

Discarded input sections

 .text          0x0000000000000000        0x0 c:/st/stm32cubeide_1.11.0/stm32cubeide/plugins/com.st.stm32cube.ide.mcu.externaltools.gnu-tools-for-stm32.10.3-2021.10.win32_1.0.100.202210260954/tools/bin/../lib/gcc/arm-none-eabi/10.3.1/thumb/v7e-m+fp/hard/crti.o
 .data          0x0000000000000000        0x0 c:/st/stm32cubeide_1.11.0/stm32cubeide/plugins/com.st.stm32cube.ide.mcu.externaltools.gnu-tools-for-stm32.10.3-2021.10.win32_1.0.100.202210260954/tools/bin/../lib/gcc/arm-none-eabi/10.3.1/thumb/v7e-m+fp/hard/crti.o
 .bss           0x0000000000000000        0x0 c:/st/stm32cubeide_1.11.0/stm32cubeide/plugins/com.st.stm32cube.ide.mcu.externaltools.gnu-tools-for-stm32.10.3-2021.10.win32_1.0.100.202210260954/tools/bin/../lib/gcc/arm-none-eabi/10.3.1/thumb/v7e-m+fp/hard/crti.o
 .data          0x0000000000000000        0x4 c:/st/stm32cubeide_1.11.0/stm32cubeide/plugins/com.st.stm32cube.ide.mcu.externaltools.gnu-tools-for-stm32.10.3-2021.10.win32_1.0.100.202210260954/tools/bin/../lib/gcc/arm-none-eabi/10.3.1/thumb/v7e-m+fp/hard/crtbegin.o
 .rodata        0x0000000000000000       0x24 c:/st/stm32cubeide_1.11.0/stm32cubeide/plugins/com.st.stm32cube.ide.mcu.externaltools.gnu-tools-for-stm32.10.3-2021.10.win32_1.0.100.202210260954/tools/bin/../lib/gcc/arm-none-eabi/10.3.1/thumb/v7e-m+fp/hard/crtbegin.o
 .text          0x0000000000000000       0x7c c:/st/stm32cubeide_1.11.0/stm32cubeide/plugins/com.st.stm32cube.ide.mcu.externaltools.gnu-tools-for-stm32.10.3-2021.10.win32_1.0.100.202210260954/tools/bin/../lib/gcc/arm-none-eabi/10.3.1/../../../../arm-none-eabi/lib/thumb/v7e-m+fp/hard/crt0.o
 .data          0x0000000000000000        0x0 c:/st/stm32cubeide_1.11.0/stm32cubeide/plugins/com.st.stm32cube.ide.mcu.externaltools.gnu-tools-for-stm32.10.3-2021.10.win32_1.0.100.202210260954/tools/bin/../lib/gcc/arm-none-eabi/10.3.1/../../../../arm-none-eabi/lib/thumb/v7e-m+fp/hard/crt0.o
 .bss           0x0000000000000000        0x0 c:/st/stm32cubeide_1.11.0/stm32cubeide/plugins/com.st.stm32cube.ide.mcu.externaltools.gnu-tools-for-stm32.10.3-2021.10.win32_1.0.100.202210260954/tools/bin/../lib/gcc/arm-none-eabi/10.3.1/../../../../arm-none-eabi/lib/thumb/v7e-m+fp/hard/crt0.o
[...]
Memory Configuration

Name             Origin             Length             Attributes
CCMRAM           0x0000000010000000 0x0000000000010000 xrw
RAM              0x0000000020000000 0x0000000000020000 xrw
FLASH            0x0000000008000000 0x0000000000080000 xr
*default*        0x0000000000000000 0xffffffffffffffff

Linker script and memory map

LOAD c:/st/stm32cubeide_1.11.0/stm32cubeide/plugins/com.st.stm32cube.ide.mcu.externaltools.gnu-tools-for-stm32.10.3-2021.10.win32_1.0.100.202210260954/tools/bin/../lib/gcc/arm-none-eabi/10.3.1/thumb/v7e-m+fp/hard/crti.o
LOAD c:/st/stm32cubeide_1.11.0/stm32cubeide/plugins/com.st.stm32cube.ide.mcu.externaltools.gnu-tools-for-stm32.10.3-2021.10.win32_1.0.100.202210260954/tools/bin/../lib/gcc/arm-none-eabi/10.3.1/thumb/v7e-m+fp/hard/crtbegin.o
LOAD c:/st/stm32cubeide_1.11.0/stm32cubeide/plugins/com.st.stm32cube.ide.mcu.externaltools.gnu-tools-for-stm32.10.3-2021.10.win32_1.0.100.202210260954/tools/bin/../lib/gcc/arm-none-eabi/10.3.1/../../../../arm-none-eabi/lib/thumb/v7e-m+fp/hard/crt0.o
LOAD ./Libraries/Lib_STD/Src/misc.o
LOAD ./Libraries/Lib_STD/Src/stm32f4xx_gpio.o
LOAD ./Libraries/Lib_STD/Src/stm32f4xx_rcc.o
LOAD ./Libraries/Lib_STD/Src/stm32f4xx_tim.o
LOAD ./Libraries/Lib_STD/Src/stm32f4xx_usart.o
LOAD ./Src/main.o
LOAD ./Src/stm32f4xx_it.o
LOAD ./Src/syscalls.o
LOAD ./Src/sysmem.o
LOAD ./Src/system_stm32f4xx.o
LOAD ./Startup/startup_stm32f407vetx.o
START GROUP
LOAD c:/st/stm32cubeide_1.11.0/stm32cubeide/plugins/com.st.stm32cube.ide.mcu.externaltools.gnu-tools-for-stm32.10.3-2021.10.win32_1.0.100.202210260954/tools/bin/../lib/gcc/arm-none-eabi/10.3.1/../../../../arm-none-eabi/lib/thumb/v7e-m+fp/hard\libc_nano.a
LOAD c:/st/stm32cubeide_1.11.0/stm32cubeide/plugins/com.st.stm32cube.ide.mcu.externaltools.gnu-tools-for-stm32.10.3-2021.10.win32_1.0.100.202210260954/tools/bin/../lib/gcc/arm-none-eabi/10.3.1/../../../../arm-none-eabi/lib/thumb/v7e-m+fp/hard\libm.a
END GROUP
START GROUP
LOAD c:/st/stm32cubeide_1.11.0/stm32cubeide/plugins/com.st.stm32cube.ide.mcu.externaltools.gnu-tools-for-stm32.10.3-2021.10.win32_1.0.100.202210260954/tools/bin/../lib/gcc/arm-none-eabi/10.3.1/thumb/v7e-m+fp/hard\libgcc.a
LOAD c:/st/stm32cubeide_1.11.0/stm32cubeide/plugins/com.st.stm32cube.ide.mcu.externaltools.gnu-tools-for-stm32.10.3-2021.10.win32_1.0.100.202210260954/tools/bin/../lib/gcc/arm-none-eabi/10.3.1/../../../../arm-none-eabi/lib/thumb/v7e-m+fp/hard\libc_nano.a
END GROUP
START GROUP
LOAD c:/st/stm32cubeide_1.11.0/stm32cubeide/plugins/com.st.stm32cube.ide.mcu.externaltools.gnu-tools-for-stm32.10.3-2021.10.win32_1.0.100.202210260954/tools/bin/../lib/gcc/arm-none-eabi/10.3.1/thumb/v7e-m+fp/hard\libgcc.a
LOAD c:/st/stm32cubeide_1.11.0/stm32cubeide/plugins/com.st.stm32cube.ide.mcu.externaltools.gnu-tools-for-stm32.10.3-2021.10.win32_1.0.100.202210260954/tools/bin/../lib/gcc/arm-none-eabi/10.3.1/../../../../arm-none-eabi/lib/thumb/v7e-m+fp/hard\libc_nano.a
LOAD c:/st/stm32cubeide_1.11.0/stm32cubeide/plugins/com.st.stm32cube.ide.mcu.externaltools.gnu-tools-for-stm32.10.3-2021.10.win32_1.0.100.202210260954/tools/bin/../lib/gcc/arm-none-eabi/10.3.1/../../../../arm-none-eabi/lib/thumb/v7e-m+fp/hard\libnosys.a
END GROUP
START GROUP
LOAD c:/st/stm32cubeide_1.11.0/stm32cubeide/plugins/com.st.stm32cube.ide.mcu.externaltools.gnu-tools-for-stm32.10.3-2021.10.win32_1.0.100.202210260954/tools/bin/../lib/gcc/arm-none-eabi/10.3.1/thumb/v7e-m+fp/hard\libgcc.a
LOAD c:/st/stm32cubeide_1.11.0/stm32cubeide/plugins/com.st.stm32cube.ide.mcu.externaltools.gnu-tools-for-stm32.10.3-2021.10.win32_1.0.100.202210260954/tools/bin/../lib/gcc/arm-none-eabi/10.3.1/../../../../arm-none-eabi/lib/thumb/v7e-m+fp/hard\libc_nano.a
LOAD c:/st/stm32cubeide_1.11.0/stm32cubeide/plugins/com.st.stm32cube.ide.mcu.externaltools.gnu-tools-for-stm32.10.3-2021.10.win32_1.0.100.202210260954/tools/bin/../lib/gcc/arm-none-eabi/10.3.1/../../../../arm-none-eabi/lib/thumb/v7e-m+fp/hard\libnosys.a
END GROUP
LOAD c:/st/stm32cubeide_1.11.0/stm32cubeide/plugins/com.st.stm32cube.ide.mcu.externaltools.gnu-tools-for-stm32.10.3-2021.10.win32_1.0.100.202210260954/tools/bin/../lib/gcc/arm-none-eabi/10.3.1/thumb/v7e-m+fp/hard/crtend.o
LOAD c:/st/stm32cubeide_1.11.0/stm32cubeide/plugins/com.st.stm32cube.ide.mcu.externaltools.gnu-tools-for-stm32.10.3-2021.10.win32_1.0.100.202210260954/tools/bin/../lib/gcc/arm-none-eabi/10.3.1/thumb/v7e-m+fp/hard/crtn.o
                0x0000000020020000                _estack = (ORIGIN (RAM) + LENGTH (RAM))
                0x0000000000000200                _Min_Heap_Size = 0x200
                0x0000000000000400                _Min_Stack_Size = 0x400

.isr_vector     0x0000000008000000      0x1a8
                0x0000000008000000                . = ALIGN (0x4)
 *(.isr_vector)
 .isr_vector    0x0000000008000000      0x1a8 ./Startup/startup_stm32f407vetx.o
                0x0000000008000000                g_pfnVectors
                0x00000000080001a8                . = ALIGN (0x4)

.text           0x00000000080001a8      0x2bc
                0x00000000080001a8                . = ALIGN (0x4)
 *(.text)
 .text          0x00000000080001a8       0x40 c:/st/stm32cubeide_1.11.0/stm32cubeide/plugins/com.st.stm32cube.ide.mcu.externaltools.gnu-tools-for-stm32.10.3-2021.10.win32_1.0.100.202210260954/tools/bin/../lib/gcc/arm-none-eabi/10.3.1/thumb/v7e-m+fp/hard/crtbegin.o
 *(.text*)
 .text.main     0x00000000080001e8        0x6 ./Src/main.o
                0x00000000080001e8                main
 .text.NMI_Handler
                0x00000000080001ee        0xe ./Src/stm32f4xx_it.o
                0x00000000080001ee                NMI_Handler
 .text.HardFault_Handler
                0x00000000080001fc        0x6 ./Src/stm32f4xx_it.o
                0x00000000080001fc                HardFault_Handler
 .text.MemManage_Handler
                0x0000000008000202        0x6 ./Src/stm32f4xx_it.o
                0x0000000008000202                MemManage_Handler
 .text.BusFault_Handler
                0x0000000008000208        0x6 ./Src/stm32f4xx_it.o
                0x0000000008000208                BusFault_Handler
 .text.UsageFault_Handler
                0x000000000800020e        0x6 ./Src/stm32f4xx_it.o
                0x000000000800020e                UsageFault_Handler
 .text.SVC_Handler
                0x0000000008000214        0xe ./Src/stm32f4xx_it.o
                0x0000000008000214                SVC_Handler
 .text.DebugMon_Handler
                0x0000000008000222        0xe ./Src/stm32f4xx_it.o
                0x0000000008000222                DebugMon_Handler
 .text.PendSV_Handler
                0x0000000008000230        0xe ./Src/stm32f4xx_it.o
                0x0000000008000230                PendSV_Handler
 .text.SysTick_Handler
                0x000000000800023e        0xe ./Src/stm32f4xx_it.o
                0x000000000800023e                SysTick_Handler
 .text.SystemInit
                0x000000000800024c       0x6c ./Src/system_stm32f4xx.o
                0x000000000800024c                SystemInit
 .text.SetSysClock
                0x00000000080002b8       0xf8 ./Src/system_stm32f4xx.o
 .text.Reset_Handler
                0x00000000080003b0       0x50 ./Startup/startup_stm32f407vetx.o
                0x00000000080003b0                Reset_Handler
 .text.Default_Handler
                0x0000000008000400        0x2 ./Startup/startup_stm32f407vetx.o
                0x0000000008000400                RTC_Alarm_IRQHandler
                0x0000000008000400                HASH_RNG_IRQHandler
                0x0000000008000400                EXTI2_IRQHandler
                0x0000000008000400                TIM8_CC_IRQHandler
                0x0000000008000400                TIM1_CC_IRQHandler
                0x0000000008000400                DMA2_Stream5_IRQHandler
                0x0000000008000400                DMA1_Stream5_IRQHandler
                0x0000000008000400                PVD_IRQHandler
                0x0000000008000400                SDIO_IRQHandler
                0x0000000008000400                TAMP_STAMP_IRQHandler
                0x0000000008000400                CAN2_RX1_IRQHandler
                0x0000000008000400                EXTI3_IRQHandler
                0x0000000008000400                TIM8_TRG_COM_TIM14_IRQHandler
                0x0000000008000400                TIM1_UP_TIM10_IRQHandler
                0x0000000008000400                TIM8_UP_TIM13_IRQHandler
                0x0000000008000400                I2C3_ER_IRQHandler
                0x0000000008000400                LCD_TFT_IRQHandler
                0x0000000008000400                EXTI0_IRQHandler
                0x0000000008000400                I2C2_EV_IRQHandler
                0x0000000008000400                DMA1_Stream2_IRQHandler
                0x0000000008000400                CAN1_RX0_IRQHandler
                0x0000000008000400                FPU_IRQHandler
                0x0000000008000400                OTG_HS_WKUP_IRQHandler
                0x0000000008000400                CAN2_SCE_IRQHandler
                0x0000000008000400                DMA2_Stream2_IRQHandler
                0x0000000008000400                SPI1_IRQHandler
                0x0000000008000400                TIM6_DAC_IRQHandler
                0x0000000008000400                TIM1_BRK_TIM9_IRQHandler
                0x0000000008000400                DCMI_IRQHandler
                0x0000000008000400                CAN2_RX0_IRQHandler
                0x0000000008000400                DMA2_Stream3_IRQHandler
                0x0000000008000400                USART6_IRQHandler
                0x0000000008000400                USART3_IRQHandler
                0x0000000008000400                CRYP_IRQHandler
                0x0000000008000400                CAN1_RX1_IRQHandler
                0x0000000008000400                UART5_IRQHandler
                0x0000000008000400                DMA2_Stream0_IRQHandler
                0x0000000008000400                TIM4_IRQHandler
                0x0000000008000400                I2C1_EV_IRQHandler
                0x0000000008000400                DMA1_Stream6_IRQHandler
                0x0000000008000400                DMA1_Stream1_IRQHandler
                0x0000000008000400                UART4_IRQHandler
                0x0000000008000400                LCD_TFT_1_IRQHandler
                0x0000000008000400                TIM3_IRQHandler
                0x0000000008000400                RCC_IRQHandler
                0x0000000008000400                TIM8_BRK_TIM12_IRQHandler
                0x0000000008000400                Default_Handler
                0x0000000008000400                EXTI15_10_IRQHandler
                0x0000000008000400                ADC_IRQHandler
                0x0000000008000400                DMA1_Stream7_IRQHandler
                0x0000000008000400                TIM7_IRQHandler
                0x0000000008000400                CAN2_TX_IRQHandler
                0x0000000008000400                TIM5_IRQHandler
                0x0000000008000400                DMA2_Stream7_IRQHandler
                0x0000000008000400                I2C3_EV_IRQHandler
                0x0000000008000400                EXTI9_5_IRQHandler
                0x0000000008000400                RTC_WKUP_IRQHandler
                0x0000000008000400                ETH_WKUP_IRQHandler
                0x0000000008000400                SPI2_IRQHandler
                0x0000000008000400                OTG_HS_EP1_IN_IRQHandler
                0x0000000008000400                DMA1_Stream0_IRQHandler
                0x0000000008000400                CAN1_TX_IRQHandler
                0x0000000008000400                EXTI4_IRQHandler
                0x0000000008000400                FSMC_IRQHandler
                0x0000000008000400                ETH_IRQHandler
                0x0000000008000400                OTG_HS_EP1_OUT_IRQHandler
                0x0000000008000400                WWDG_IRQHandler
                0x0000000008000400                TIM2_IRQHandler
                0x0000000008000400                OTG_FS_WKUP_IRQHandler
                0x0000000008000400                TIM1_TRG_COM_TIM11_IRQHandler
                0x0000000008000400                OTG_HS_IRQHandler
                0x0000000008000400                EXTI1_IRQHandler
                0x0000000008000400                USART2_IRQHandler
                0x0000000008000400                I2C2_ER_IRQHandler
                0x0000000008000400                DMA2_Stream1_IRQHandler
                0x0000000008000400                CAN1_SCE_IRQHandler
                0x0000000008000400                DMA2_Stream4_IRQHandler
                0x0000000008000400                USART1_IRQHandler
                0x0000000008000400                OTG_FS_IRQHandler
                0x0000000008000400                SPI3_IRQHandler
                0x0000000008000400                DMA1_Stream4_IRQHandler
                0x0000000008000400                I2C1_ER_IRQHandler
                0x0000000008000400                DMA2_Stream6_IRQHandler
                0x0000000008000400                DMA1_Stream3_IRQHandler
 *fill*         0x0000000008000402        0x2 
 .text.__libc_init_array
                0x0000000008000404       0x48 c:/st/stm32cubeide_1.11.0/stm32cubeide/plugins/com.st.stm32cube.ide.mcu.externaltools.gnu-tools-for-stm32.10.3-2021.10.win32_1.0.100.202210260954/tools/bin/../lib/gcc/arm-none-eabi/10.3.1/../../../../arm-none-eabi/lib/thumb/v7e-m+fp/hard\libc_nano.a(lib_a-init.o)
                0x0000000008000404                __libc_init_array
 *(.glue_7)
 .glue_7        0x000000000800044c        0x0 linker stubs
 *(.glue_7t)
 .glue_7t       0x000000000800044c        0x0 linker stubs
 *(.eh_frame)
 .eh_frame      0x000000000800044c        0x0 c:/st/stm32cubeide_1.11.0/stm32cubeide/plugins/com.st.stm32cube.ide.mcu.externaltools.gnu-tools-for-stm32.10.3-2021.10.win32_1.0.100.202210260954/tools/bin/../lib/gcc/arm-none-eabi/10.3.1/thumb/v7e-m+fp/hard/crtbegin.o
 *(.init)
 .init          0x000000000800044c        0x4 c:/st/stm32cubeide_1.11.0/stm32cubeide/plugins/com.st.stm32cube.ide.mcu.externaltools.gnu-tools-for-stm32.10.3-2021.10.win32_1.0.100.202210260954/tools/bin/../lib/gcc/arm-none-eabi/10.3.1/thumb/v7e-m+fp/hard/crti.o
                0x000000000800044c                _init
 .init          0x0000000008000450        0x8 c:/st/stm32cubeide_1.11.0/stm32cubeide/plugins/com.st.stm32cube.ide.mcu.externaltools.gnu-tools-for-stm32.10.3-2021.10.win32_1.0.100.202210260954/tools/bin/../lib/gcc/arm-none-eabi/10.3.1/thumb/v7e-m+fp/hard/crtn.o
 *(.fini)
 .fini          0x0000000008000458        0x4 c:/st/stm32cubeide_1.11.0/stm32cubeide/plugins/com.st.stm32cube.ide.mcu.externaltools.gnu-tools-for-stm32.10.3-2021.10.win32_1.0.100.202210260954/tools/bin/../lib/gcc/arm-none-eabi/10.3.1/thumb/v7e-m+fp/hard/crti.o
                0x0000000008000458                _fini
 .fini          0x000000000800045c        0x8 c:/st/stm32cubeide_1.11.0/stm32cubeide/plugins/com.st.stm32cube.ide.mcu.externaltools.gnu-tools-for-stm32.10.3-2021.10.win32_1.0.100.202210260954/tools/bin/../lib/gcc/arm-none-eabi/10.3.1/thumb/v7e-m+fp/hard/crtn.o
                0x0000000008000464                . = ALIGN (0x4)
                0x0000000008000464                _etext = .

.vfp11_veneer   0x0000000008000464        0x0
 .vfp11_veneer  0x0000000008000464        0x0 linker stubs

.v4_bx          0x0000000008000464        0x0
 .v4_bx         0x0000000008000464        0x0 linker stubs

.iplt           0x0000000008000464        0x0
 .iplt          0x0000000008000464        0x0 c:/st/stm32cubeide_1.11.0/stm32cubeide/plugins/com.st.stm32cube.ide.mcu.externaltools.gnu-tools-for-stm32.10.3-2021.10.win32_1.0.100.202210260954/tools/bin/../lib/gcc/arm-none-eabi/10.3.1/thumb/v7e-m+fp/hard/crtbegin.o

.rel.dyn        0x0000000008000464        0x0
 .rel.iplt      0x0000000008000464        0x0 c:/st/stm32cubeide_1.11.0/stm32cubeide/plugins/com.st.stm32cube.ide.mcu.externaltools.gnu-tools-for-stm32.10.3-2021.10.win32_1.0.100.202210260954/tools/bin/../lib/gcc/arm-none-eabi/10.3.1/thumb/v7e-m+fp/hard/crtbegin.o

.rodata         0x0000000008000464        0x0
                0x0000000008000464                . = ALIGN (0x4)
 *(.rodata)
 *(.rodata*)
                0x0000000008000464                . = ALIGN (0x4)

.ARM.extab      0x0000000008000464        0x0
                0x0000000008000464                . = ALIGN (0x4)
 *(.ARM.extab* .gnu.linkonce.armextab.*)
                0x0000000008000464                . = ALIGN (0x4)

.ARM            0x0000000008000464        0x0
                0x0000000008000464                . = ALIGN (0x4)
                0x0000000008000464                __exidx_start = .
 *(.ARM.exidx*)
                0x0000000008000464                __exidx_end = .
                0x0000000008000464                . = ALIGN (0x4)

.preinit_array  0x0000000008000464        0x0
                0x0000000008000464                . = ALIGN (0x4)
                0x0000000008000464                PROVIDE (__preinit_array_start = .)
 *(.preinit_array*)
                0x0000000008000464                PROVIDE (__preinit_array_end = .)
                0x0000000008000464                . = ALIGN (0x4)

.init_array     0x0000000008000464        0x4
                0x0000000008000464                . = ALIGN (0x4)
                0x0000000008000464                PROVIDE (__init_array_start = .)
 *(SORT_BY_NAME(.init_array.*))
 *(.init_array*)
 .init_array    0x0000000008000464        0x4 c:/st/stm32cubeide_1.11.0/stm32cubeide/plugins/com.st.stm32cube.ide.mcu.externaltools.gnu-tools-for-stm32.10.3-2021.10.win32_1.0.100.202210260954/tools/bin/../lib/gcc/arm-none-eabi/10.3.1/thumb/v7e-m+fp/hard/crtbegin.o
                0x0000000008000468                PROVIDE (__init_array_end = .)
                0x0000000008000468                . = ALIGN (0x4)

.fini_array     0x0000000008000468        0x4
                0x0000000008000468                . = ALIGN (0x4)
                [!provide]                        PROVIDE (__fini_array_start = .)
 *(SORT_BY_NAME(.fini_array.*))
 *(.fini_array*)
 .fini_array    0x0000000008000468        0x4 c:/st/stm32cubeide_1.11.0/stm32cubeide/plugins/com.st.stm32cube.ide.mcu.externaltools.gnu-tools-for-stm32.10.3-2021.10.win32_1.0.100.202210260954/tools/bin/../lib/gcc/arm-none-eabi/10.3.1/thumb/v7e-m+fp/hard/crtbegin.o
                [!provide]                        PROVIDE (__fini_array_end = .)
                0x000000000800046c                . = ALIGN (0x4)
                0x000000000800046c                _sidata = LOADADDR (.data)

.data           0x0000000020000000        0x0 load address 0x000000000800046c
                0x0000000020000000                . = ALIGN (0x4)
                0x0000000020000000                _sdata = .
 *(.data)
 *(.data*)
 *(.RamFunc)
 *(.RamFunc*)
                0x0000000020000000                . = ALIGN (0x4)
                0x0000000020000000                _edata = .
                0x000000000800046c                _siccmram = LOADADDR (.ccmram)

.igot.plt       0x0000000020000000        0x0 load address 0x000000000800046c
 .igot.plt      0x0000000020000000        0x0 c:/st/stm32cubeide_1.11.0/stm32cubeide/plugins/com.st.stm32cube.ide.mcu.externaltools.gnu-tools-for-stm32.10.3-2021.10.win32_1.0.100.202210260954/tools/bin/../lib/gcc/arm-none-eabi/10.3.1/thumb/v7e-m+fp/hard/crtbegin.o

.ccmram         0x0000000010000000        0x0 load address 0x000000000800046c
                0x0000000010000000                . = ALIGN (0x4)
                0x0000000010000000                _sccmram = .
 *(.ccmram)
 *(.ccmram*)
                0x0000000010000000                . = ALIGN (0x4)
                0x0000000010000000                _eccmram = .
                0x0000000010000000                . = ALIGN (0x4)

.bss            0x0000000020000000       0x1c
                0x0000000020000000                _sbss = .
                0x0000000020000000                __bss_start__ = _sbss
 *(.bss)
 .bss           0x0000000020000000       0x1c c:/st/stm32cubeide_1.11.0/stm32cubeide/plugins/com.st.stm32cube.ide.mcu.externaltools.gnu-tools-for-stm32.10.3-2021.10.win32_1.0.100.202210260954/tools/bin/../lib/gcc/arm-none-eabi/10.3.1/thumb/v7e-m+fp/hard/crtbegin.o
 *(.bss*)
 *(COMMON)
                0x000000002000001c                . = ALIGN (0x4)
                0x000000002000001c                _ebss = .
                0x000000002000001c                __bss_end__ = _ebss

._user_heap_stack
                0x000000002000001c      0x604
                0x0000000020000020                . = ALIGN (0x8)
 *fill*         0x000000002000001c        0x4 
                [!provide]                        PROVIDE (end = .)
                0x0000000020000020                PROVIDE (_end = .)
                0x0000000020000220                . = (. + _Min_Heap_Size)
 *fill*         0x0000000020000020      0x200 
                0x0000000020000620                . = (. + _Min_Stack_Size)
 *fill*         0x0000000020000220      0x400 
                0x0000000020000620                . = ALIGN (0x8)

/DISCARD/
 libc.a(*)
 libm.a(*)
 libgcc.a(*)

.ARM.attributes
                0x0000000000000000       0x30
 *(.ARM.attributes)
 .ARM.attributes
                0x0000000000000000       0x1e c:/st/stm32cubeide_1.11.0/stm32cubeide/plugins/com.st.stm32cube.ide.mcu.externaltools.gnu-tools-for-stm32.10.3-2021.10.win32_1.0.100.202210260954/tools/bin/../lib/gcc/arm-none-eabi/10.3.1/thumb/v7e-m+fp/hard/crti.o
 .ARM.attributes
                0x000000000000001e       0x34 c:/st/stm32cubeide_1.11.0/stm32cubeide/plugins/com.st.stm32cube.ide.mcu.externaltools.gnu-tools-for-stm32.10.3-2021.10.win32_1.0.100.202210260954/tools/bin/../lib/gcc/arm-none-eabi/10.3.1/thumb/v7e-m+fp/hard/crtbegin.o
 .ARM.attributes
                0x0000000000000052       0x34 ./Src/main.o
 .ARM.attributes
                0x0000000000000086       0x34 ./Src/stm32f4xx_it.o
 .ARM.attributes
                0x00000000000000ba       0x34 ./Src/system_stm32f4xx.o
 .ARM.attributes
                0x00000000000000ee       0x21 ./Startup/startup_stm32f407vetx.o
 .ARM.attributes
                0x000000000000010f       0x34 c:/st/stm32cubeide_1.11.0/stm32cubeide/plugins/com.st.stm32cube.ide.mcu.externaltools.gnu-tools-for-stm32.10.3-2021.10.win32_1.0.100.202210260954/tools/bin/../lib/gcc/arm-none-eabi/10.3.1/../../../../arm-none-eabi/lib/thumb/v7e-m+fp/hard\libc_nano.a(lib_a-init.o)
 .ARM.attributes
                0x0000000000000143       0x1e c:/st/stm32cubeide_1.11.0/stm32cubeide/plugins/com.st.stm32cube.ide.mcu.externaltools.gnu-tools-for-stm32.10.3-2021.10.win32_1.0.100.202210260954/tools/bin/../lib/gcc/arm-none-eabi/10.3.1/thumb/v7e-m+fp/hard/crtn.o
OUTPUT(STM32F407VET6.elf elf32-littlearm)
LOAD linker stubs
LOAD c:/st/stm32cubeide_1.11.0/stm32cubeide/plugins/com.st.stm32cube.ide.mcu.externaltools.gnu-tools-for-stm32.10.3-2021.10.win32_1.0.100.202210260954/tools/bin/../lib/gcc/arm-none-eabi/10.3.1/../../../../arm-none-eabi/lib/thumb/v7e-m+fp/hard\libc.a
LOAD c:/st/stm32cubeide_1.11.0/stm32cubeide/plugins/com.st.stm32cube.ide.mcu.externaltools.gnu-tools-for-stm32.10.3-2021.10.win32_1.0.100.202210260954/tools/bin/../lib/gcc/arm-none-eabi/10.3.1/../../../../arm-none-eabi/lib/thumb/v7e-m+fp/hard\libm.a
LOAD c:/st/stm32cubeide_1.11.0/stm32cubeide/plugins/com.st.stm32cube.ide.mcu.externaltools.gnu-tools-for-stm32.10.3-2021.10.win32_1.0.100.202210260954/tools/bin/../lib/gcc/arm-none-eabi/10.3.1/thumb/v7e-m+fp/hard\libgcc.a

.debug_info     0x0000000000000000      0x7fc
 .debug_info    0x0000000000000000       0x86 ./Src/main.o
 .debug_info    0x0000000000000086      0x112 ./Src/stm32f4xx_it.o
 .debug_info    0x0000000000000198      0x642 ./Src/system_stm32f4xx.o
 .debug_info    0x00000000000007da       0x22 ./Startup/startup_stm32f407vetx.o

.debug_abbrev   0x0000000000000000      0x208
 .debug_abbrev  0x0000000000000000       0x47 ./Src/main.o
 .debug_abbrev  0x0000000000000047       0x47 ./Src/stm32f4xx_it.o
 .debug_abbrev  0x000000000000008e      0x168 ./Src/system_stm32f4xx.o
 .debug_abbrev  0x00000000000001f6       0x12 ./Startup/startup_stm32f407vetx.o

.debug_aranges  0x0000000000000000       0xd8
 .debug_aranges
                0x0000000000000000       0x20 ./Src/main.o
 .debug_aranges
                0x0000000000000020       0x60 ./Src/stm32f4xx_it.o
 .debug_aranges
                0x0000000000000080       0x30 ./Src/system_stm32f4xx.o
 .debug_aranges
                0x00000000000000b0       0x28 ./Startup/startup_stm32f407vetx.o

.debug_ranges   0x0000000000000000       0xa0
 .debug_ranges  0x0000000000000000       0x10 ./Src/main.o
 .debug_ranges  0x0000000000000010       0x50 ./Src/stm32f4xx_it.o
 .debug_ranges  0x0000000000000060       0x20 ./Src/system_stm32f4xx.o
 .debug_ranges  0x0000000000000080       0x20 ./Startup/startup_stm32f407vetx.o

.debug_macro    0x0000000000000000      0x567
 .debug_macro   0x0000000000000000      0x1c1 ./Src/main.o
 .debug_macro   0x00000000000001c1      0x1cb ./Src/stm32f4xx_it.o
 .debug_macro   0x000000000000038c      0x1db ./Src/system_stm32f4xx.o

.debug_line     0x0000000000000000     0x1744
 .debug_line    0x0000000000000000      0x6d7 ./Src/main.o
 .debug_line    0x00000000000006d7      0x79c ./Src/stm32f4xx_it.o
 .debug_line    0x0000000000000e73      0x84d ./Src/system_stm32f4xx.o
 .debug_line    0x00000000000016c0       0x84 ./Startup/startup_stm32f407vetx.o

.debug_str      0x0000000000000000    0x60267
 .debug_str     0x0000000000000000    0x5fee8 ./Src/main.o
                                      0x6006c (size before relaxing)
 .debug_str     0x000000000005fee8       0xb8 ./Src/stm32f4xx_it.o
                                      0x60111 (size before relaxing)
 .debug_str     0x000000000005ffa0      0x296 ./Src/system_stm32f4xx.o
                                      0x60309 (size before relaxing)
 .debug_str     0x0000000000060236       0x31 ./Startup/startup_stm32f407vetx.o
                                         0x6b (size before relaxing)

.comment        0x0000000000000000       0x50
 .comment       0x0000000000000000       0x50 ./Src/main.o
                                         0x51 (size before relaxing)
 .comment       0x0000000000000050       0x51 ./Src/stm32f4xx_it.o
 .comment       0x0000000000000050       0x51 ./Src/system_stm32f4xx.o

.debug_frame    0x0000000000000000      0x1e0
 .debug_frame   0x0000000000000000       0x28 ./Src/main.o
 .debug_frame   0x0000000000000028      0x110 ./Src/stm32f4xx_it.o
 .debug_frame   0x0000000000000138       0x7c ./Src/system_stm32f4xx.o
 .debug_frame   0x00000000000001b4       0x2c c:/st/stm32cubeide_1.11.0/stm32cubeide/plugins/com.st.stm32cube.ide.mcu.externaltools.gnu-tools-for-stm32.10.3-2021.10.win32_1.0.100.202210260954/tools/bin/../lib/gcc/arm-none-eabi/10.3.1/../../../../arm-none-eabi/lib/thumb/v7e-m+fp/hard\libc_nano.a(lib_a-init.o)
