../Libraries/Lib_STD/Src/stm32f4xx_gpio.c:120:6:GPIO_DeInit	16	static
../Libraries/Lib_STD/Src/stm32f4xx_gpio.c:195:6:GPIO_Init	32	static
../Libraries/Lib_STD/Src/stm32f4xx_gpio.c:247:6:GPIO_StructInit	16	static
../Libraries/Lib_STD/Src/stm32f4xx_gpio.c:270:6:GPIO_PinLockConfig	24	static
../Libraries/Lib_STD/Src/stm32f4xx_gpio.c:316:9:GPIO_ReadInputDataBit	24	static
../Libraries/Lib_STD/Src/stm32f4xx_gpio.c:342:10:GPIO_ReadInputData	16	static
../Libraries/Lib_STD/Src/stm32f4xx_gpio.c:359:9:GPIO_ReadOutputDataBit	24	static
../Libraries/Lib_STD/Src/stm32f4xx_gpio.c:385:10:GPIO_ReadOutputData	16	static
../Libraries/Lib_STD/Src/stm32f4xx_gpio.c:405:6:GPIO_SetBits	16	static
../Libraries/Lib_STD/Src/stm32f4xx_gpio.c:426:6:GPIO_ResetBits	16	static
../Libraries/Lib_STD/Src/stm32f4xx_gpio.c:448:6:GPIO_WriteBit	16	static
../Libraries/Lib_STD/Src/stm32f4xx_gpio.c:473:6:GPIO_Write	16	static
../Libraries/Lib_STD/Src/stm32f4xx_gpio.c:489:6:GPIO_ToggleBits	16	static
../Libraries/Lib_STD/Src/stm32f4xx_gpio.c:572:6:GPIO_PinAFConfig	24	static
